// Jest Snapshot v1, https://goo.gl/fbAQLP

exports[`Header component renders Header 1`] = `
<DocumentFragment>
  <div
    class="header"
  >
    Welcome to Animal Crossing Api!  Pick Your Villager!
    <ul>
      <li>
        <a
          href="/"
        >
          Villager Home
        </a>
      </li>
      <li>
        <a
          href="/villagers/:id"
        >
          Villager Deets
        </a>
      </li>
    </ul>
  </div>
</DocumentFragment>
`;
