// Jest Snapshot v1, https://goo.gl/fbAQLP

exports[`Header component renders Header 1`] = `
<DocumentFragment>
  <div
    class="Header"
  >
    <h1>
      Welcome to Animal Crossing Api!  Pick Your Villager!
    </h1>
    <button>
      ✨Toggle Mode✨
    </button>
    <ul>
      <li>
        <a
          href="/"
        >
          Villager Home
        </a>
      </li>
    </ul>
  </div>
</DocumentFragment>
`;
